This is pdfTeX, Version 3.141592653-2.6-1.40.22 (TeX Live 2022/dev/Debian) (preloaded format=pdflatex 2025.9.5)  16 SEP 2025 09:00
entering extended mode
 restricted \write18 enabled.
 %&-line parsing enabled.
**/srv/pconline/combined.tex
(/srv/pconline/combined.tex
LaTeX2e <2021-11-15> patch level 1
L3 programming layer <2022-01-21>

! LaTeX Error: Missing \begin{document}.

See the LaTeX manual or LaTeX Companion for explanation.
Type  H <return>  for immediate help.
 ...                                              
                                                  
l.2 e
     wcommand\QCMtexteCorr[7]{#1} 
Here is how much of TeX's memory you used:
 18 strings out of 480145
 575 string characters out of 5893301
 284302 words of memory out of 5000000
 18076 multiletter control sequences out of 15000+600000
 469259 words of font info for 28 fonts, out of 8000000 for 9000
 59 hyphenation exceptions out of 8191
 13i,0n,12p,88b,14s stack positions out of 5000i,500n,10000p,200000b,80000s

!  ==> Fatal error occurred, no output PDF file produced!
